[02:42:21] [ServerMain/INFO]: Environment: authHost='https://authserver.mojang.com', accountsHost='https://api.mojang.com', sessionHost='https://sessionserver.mojang.com', servicesHost='https://api.minecraftservices.com', name='PROD'
[02:42:23] [ServerMain/INFO]: Loaded 7 recipes
[02:42:23] [ServerMain/INFO]: Loaded 1271 advancements
[02:42:24] [Server thread/INFO]: Starting minecraft server version 1.20.1
[02:42:24] [Server thread/INFO]: Loading properties
[02:42:24] [Server thread/INFO]: Default game type: SURVIVAL
[02:42:24] [Server thread/INFO]: Generating keypair
[02:42:24] [Server thread/INFO]: Starting Minecraft server on *:25565
[02:42:24] [Server thread/INFO]: Using epoll channel type
[02:42:24] [Server thread/WARN]: **** SERVER IS RUNNING IN OFFLINE/INSECURE MODE!
[02:42:24] [Server thread/WARN]: The server will make no attempt to authenticate usernames. Beware.
[02:42:24] [Server thread/WARN]: While this makes the game possible to play without internet access, it also opens up the ability for hackers to connect with any username they choose.
[02:42:24] [Server thread/WARN]: To change this, set "online-mode" to "true" in the server.properties file.
[02:42:24] [Server thread/INFO]: Preparing level "world"
[02:42:26] [Server thread/INFO]: Preparing start region for dimension minecraft:overworld
[02:42:28] [Worker-Main-3/INFO]: Preparing spawn area: 0%
[02:42:28] [Worker-Main-1/INFO]: Preparing spawn area: 0%
[02:42:28] [Worker-Main-1/INFO]: Preparing spawn area: 0%
[02:42:28] [Worker-Main-1/INFO]: Preparing spawn area: 0%
[02:42:28] [Worker-Main-1/INFO]: Preparing spawn area: 0%
[02:42:29] [Worker-Main-2/INFO]: Preparing spawn area: 0%
[02:42:29] [Worker-Main-3/INFO]: Preparing spawn area: 0%
[02:42:30] [Worker-Main-1/INFO]: Preparing spawn area: 9%
[02:42:30] [Worker-Main-2/INFO]: Preparing spawn area: 35%
[02:42:31] [Worker-Main-1/INFO]: Preparing spawn area: 54%
[02:42:32] [Worker-Main-2/INFO]: Preparing spawn area: 68%
[02:42:32] [Worker-Main-1/INFO]: Preparing spawn area: 68%
[02:42:32] [Worker-Main-3/INFO]: Preparing spawn area: 75%
[02:42:33] [Worker-Main-1/INFO]: Preparing spawn area: 78%
[02:42:33] [Worker-Main-2/INFO]: Preparing spawn area: 79%
[02:42:34] [Worker-Main-1/INFO]: Preparing spawn area: 80%
[02:42:34] [Worker-Main-2/INFO]: Preparing spawn area: 83%
[02:42:35] [Worker-Main-1/INFO]: Preparing spawn area: 87%
[02:42:35] [Worker-Main-3/INFO]: Preparing spawn area: 89%
[02:42:36] [Worker-Main-1/INFO]: Preparing spawn area: 91%
[02:42:36] [Worker-Main-2/INFO]: Preparing spawn area: 93%
[02:42:37] [Worker-Main-1/INFO]: Preparing spawn area: 97%
[02:42:37] [Server thread/INFO]: Time elapsed: 10773 ms
[02:42:37] [Server thread/INFO]: Done (13.365s)! For help, type "help"
[02:42:44] [Server thread/INFO]: Tmw_juan[/100.87.42.52:62500] logged in with entity id 218 at (-4.5, 72.0, -4.5)
[02:42:44] [Server thread/INFO]: Tmw_juan joined the game
[02:44:16] [Server thread/INFO]: Tmw_juan lost connection: Disconnected
[02:44:16] [Server thread/INFO]: Tmw_juan left the game
[02:44:21] [Server thread/INFO]: Tmw_juan[/100.87.42.52:49676] logged in with entity id 390 at (-4.273259877234637, 72.0, -4.20204372410407)
[02:44:21] [Server thread/INFO]: Tmw_juan joined the game
[02:45:23] [Server thread/INFO]: Tmw_juan has made the advancement [Stone Age]
[02:45:39] [Server thread/INFO]: Tmw_juan lost connection: Disconnected
[02:45:39] [Server thread/INFO]: Tmw_juan left the game
